------------------general method for list------------------
[1, 2, 3]
[1.000000, 2.000000, 3.000000]
[a, b, c]
[true, false, true]
[node  2: 7
node  1: 8
node  0: 9
]
[--------------------------------------
Nodes:
node  2: 7
node  1: 8

Edges:
edge  2 ->  1: 0
--------------------------------------
--------------------------------------
Nodes:
node  1: 8
node  0: 9

Edges:
edge  1 ->  0: 0
--------------------------------------
--------------------------------------
Nodes:
node  0: 9
node  2: 7

Edges:
edge  0 ->  2: 0
--------------------------------------
]
------------ test add, remove ---------------
remove element not existing a.remove(4), list doesn't change
[1, 2, 3]
adding element using list.add()
[1, 2, 3, 5]
remove element using -
[1, 3, 5]
remove list to empty
[]
add element using +
[6]
-------------------------------------------
------------ test size, get, set ---------------
[1.000000, 2.000000, 3.000000]
Size:
3
Get first element:
1.000000
Set function:
[1.000000, 5.000000, 3.000000]
------------------------------------------------
