23
1
1
2
4
false
true
true
true
true
true
true
23.000000
3.400000
1.000000
1.200000
3.200000
6.000000
Hello
Hello
Edge
