{2: 22, 1: 11, 3: 33}
11
{2: 22, 1: 11, 3: 33, 4: 44}
{1: 11, 3: 33, 4: 44}
3
list:[1, 3, 4]
false
true
{2: --------------------------------------
#Nodes: 2  Root Node: 2
node  2: 1
node  1: 2
#Edges: 1
edge  2->  1
--------------------------------------
, 1: --------------------------------------
#Nodes: 2  Root Node: 1
node  1: 2
node  0: 3
#Edges: 1
edge  1->  0
--------------------------------------
, 0: --------------------------------------
#Nodes: 2  Root Node: 0
node  0: 3
node  2: 1
#Edges: 1
edge  0->  2
--------------------------------------
}
--------------------------------------
#Nodes: 2  Root Node: 2
node  2: 1
node  1: 2
#Edges: 1
edge  2->  1
--------------------------------------
{2: --------------------------------------
#Nodes: 2  Root Node: 2
node  2: 1
node  1: 2
#Edges: 1
edge  2->  1
--------------------------------------
, 1: --------------------------------------
#Nodes: 2  Root Node: 1
node  1: 2
node  0: 3
#Edges: 1
edge  1->  0
--------------------------------------
, 0: --------------------------------------
#Nodes: 2  Root Node: 0
node  0: 3
node  1: 2
#Edges: 1
edge  0->  1
--------------------------------------
, }
{2: --------------------------------------
#Nodes: 2  Root Node: 2
node  2: 1
node  1: 2
#Edges: 1
edge  2->  1
--------------------------------------
, 0: --------------------------------------
#Nodes: 2  Root Node: 0
node  0: 3
node  1: 2
#Edges: 1
edge  0->  1
--------------------------------------
, }
3
{2: --------------------------------------
#Nodes: 2  Root Node: 2
node  2: 1
node  1: 2
#Edges: 1
edge  2->  1
--------------------------------------
, 0: --------------------------------------
#Nodes: 2  Root Node: 0
node  0: 3
node  1: 2
#Edges: 1
edge  0->  1
--------------------------------------
, }
false
