a -> 0&b +  c -> [1&a, 2&b, 4&d, 3&e]
Root: a
Nodes: a, b, c, d, e
Edges:
a -> b : 0
c -> a : 1
c -> b : 2
c -> d : 4
c -> e : 3
--------------------------------------
No shared nodes! Return the first graph.
a->0&b + c->1&d
Root: a
Nodes: a, b
Edges:
a -> b : 0
--------------------------------------
Shared edges. Update the edge value with the second one.
a -- 0&b -- 2&c -- 1&a + b -- 3&c
Root: a
Nodes: c, a, b
Edges:
c -> a : 1
c -> b : 3
a -> c : 1
a -> b : 0
b -> c : 3
b -> a : 0
