------------------test for list of int type------------------
not contains 4
list:[1, 2, 3]
list:[1, 2, 3, 4]
1
list:[4, 2, 3, 4]
list:[2, 3, 4]
3
4
list:[2, 3]
list:[2, 3, 5]
------------------test for list of float type------------------
list:[1.000000, 2.000000, 3.000000]
list:[1.000000, 2.000000, 3.000000, 4.000000]
1.000000
list:[4.000000, 2.000000, 3.000000, 4.000000]
list:[2.000000, 3.000000, 4.000000]
3
4.000000
list:[2.000000, 3.000000]
list:[2.000000, 3.000000, 5.000000]
------------------test for list of float type------------------
list:[a, b, c]
a
list:[e, b, c, d]
list:[b, c, d]
3
d
list:[b, c]
list:[b, c, x]
------------------test for list of bool type------------------
list:[true, false, true]
true
list:[false, false, true, false]
list:[false, true, false]
3
false
list:[false, true]
list:[false, true, true]
------------------test for list of node type------------------
list:[node  7: 1
node  6: 2
node  5: 3
]
node  7: 1
list:[node  3: x
node  6: 2
node  5: 3
node  4: 4
]
list:[node  6: 2
node  5: 3
node  4: 4
]
3
node  4: 4
list:[node  6: 2
node  5: 3
]
list:[node  6: 2
node  5: 3
node  2: y
]
------------------test for list of graph type------------------
list:[--------------------------------------
#Nodes: 2  Root Node: 7
node  7: 1
node  6: 2
#Edges: 1
edge  7->  6
--------------------------------------
--------------------------------------
#Nodes: 2  Root Node: 6
node  6: 2
node  5: 3
#Edges: 1
edge  6->  5
--------------------------------------
--------------------------------------
#Nodes: 2  Root Node: 5
node  5: 3
node  7: 1
#Edges: 1
edge  5->  7
--------------------------------------
]
--------------------------------------
#Nodes: 2  Root Node: 7
node  7: 1
node  6: 2
#Edges: 1
edge  7->  6
--------------------------------------
list:[--------------------------------------
#Nodes: 2  Root Node: 7
node  7: 1
node  6: 2
#Edges: 2
edge  7->  6
edge  6->  7
--------------------------------------
--------------------------------------
#Nodes: 2  Root Node: 6
node  6: 2
node  5: 3
#Edges: 1
edge  6->  5
--------------------------------------
--------------------------------------
#Nodes: 2  Root Node: 5
node  5: 3
node  7: 1
#Edges: 1
edge  5->  7
--------------------------------------
--------------------------------------
#Nodes: 2  Root Node: 7
node  7: 1
node  6: 2
#Edges: 1
edge  6->  7
--------------------------------------
]
list:[--------------------------------------
#Nodes: 2  Root Node: 6
node  6: 2
node  5: 3
#Edges: 1
edge  6->  5
--------------------------------------
--------------------------------------
#Nodes: 2  Root Node: 5
node  5: 3
node  7: 1
#Edges: 1
edge  5->  7
--------------------------------------
--------------------------------------
#Nodes: 2  Root Node: 7
node  7: 1
node  6: 2
#Edges: 1
edge  6->  7
--------------------------------------
]
3
--------------------------------------
#Nodes: 2  Root Node: 7
node  7: 1
node  6: 2
#Edges: 1
edge  6->  7
--------------------------------------
list:[--------------------------------------
#Nodes: 2  Root Node: 6
node  6: 2
node  5: 3
#Edges: 1
edge  6->  5
--------------------------------------
--------------------------------------
#Nodes: 2  Root Node: 5
node  5: 3
node  7: 1
#Edges: 1
edge  5->  7
--------------------------------------
]
list:[--------------------------------------
#Nodes: 2  Root Node: 6
node  6: 2
node  5: 3
#Edges: 1
edge  6->  5
--------------------------------------
--------------------------------------
#Nodes: 2  Root Node: 5
node  5: 3
node  7: 1
#Edges: 1
edge  5->  7
--------------------------------------
--------------------------------------
#Nodes: 2  Root Node: 1
node  1: 5
node  0: 6
#Edges: 1
edge  1->  0
--------------------------------------
]
