23
-1.200000
false
true
Hello World!
null
node  0: a
list:[1, 2, 3]
{b: 2, a: 1}
1
true
Hello~
1--
1.20--
What!
