node 1
node GIRAPHE
node false
Is Node d Visited?
false
Set Node d to Visited
true
