a -> [1&b -> 1&e -> [4&g -> 1&b, 2&c], 5&c -> [1&g, 1&f -> 1&c], 3&d -> [2&c, 3&f]]
Depth First Search from c
[node c
node f
node g
node b
node e
]
Set all Nodes to Unvisited
Depth First Search from b
[node b
node e
node c
node f
node g
]
