23
-1.200000
Hello, World
true
true
[1, 2, 3]
node  0: 10
{a: 1, b: 2}
4115 ** 20.17 ** GIRAPHE
