Uh..oh! Assigning int = float in a = 3.1 is illegal :(
