Uh..oh! Binary Operator float % int in 1.1 % 1 is illegal :(
