Uh..oh! Binary Operator - string in - hh is illegal :(
