Uh..oh! Binary Operator bool and int in true and 1 is illegal :(
