Uh..oh! Binary Operator int + string in 1 + hh is illegal :(
