Uh..oh! Binary Operator not int in not 1 is illegal :(
