Uh..oh! Binary Operator int == float in 1 == 1.1 is illegal :(
