Uh.. List elements have different types: int and string :(
