Uh..oh! incompatible argument type string, but int is expected :(
