illegal assignment list<float> = list<null> in b = function call a.keys
