list add method should only take one argument of type int: a
