list remove method should only take one argument of type int: a
