Uh..list get method should only take one argument of type int: a :(
