list set method should only take two argument of type int and int: a
