Uh..oh! This empty list declaration: list is invalid :(
