INT
FLOAT
STRING
BOOL
NODE
EDGE
GRAPH
LIST
DICT
NULL
