Expr(Graph_Link(Id(a), RLink, Id(b), WithEdge, Null));
